// Jest Snapshot v1, https://goo.gl/fbAQLP

exports[`should correctly render LoadingPage 1`] = `
<div
  className="loader"
>
  <div>
    <img
      className="loader__image"
      src="/images/loader.gif"
    />
  </div>
</div>
`;
