// Jest Snapshot v1, https://goo.gl/fbAQLP

exports[`should render NotFoundPage correctly 1`] = `
<div>
  404! Link with no fullpage Refresh:
  <Link
    replace={false}
    to="/"
  >
    GO HOME
  </Link>
</div>
`;
